// Jest Snapshot v1, https://goo.gl/fbAQLP

exports[`should render expense list with empty message 1`] = `
<div>
  <h1>
    Expense List 
  </h1>
  <div>
    <p>
      No expenses to show.
    </p>
  </div>
</div>
`;

exports[`should render expense list with expenses 1`] = `
<div>
  <h1>
    Expense List 
  </h1>
  <div>
    <Connect(ExpenseListItem)
      amount={195}
      createdAt={0}
      description="Gum"
      id="1"
      key="1"
      note=""
    />
    <Connect(ExpenseListItem)
      amount={109500}
      createdAt={-345600000}
      description="Rent"
      id="2"
      key="2"
      note=""
    />
    <Connect(ExpenseListItem)
      amount={4500}
      createdAt={345600000}
      description="Credit Card"
      id="3"
      key="3"
      note=""
    />
  </div>
</div>
`;
